// Jest Snapshot v1, https://goo.gl/fbAQLP

exports[`StyledP component Renders StyledP snapshot 1`] = `"<StyledComponent forwardedComponent={{...}} forwardedRef={{...}} />"`;
